
In SA-shellcheck-001 line 242:
      TEST_CASE_DIR_LIST=$(ls -1d "${i}"/* | cut -c 3-)
                           ^-- SC2012: Use find instead of ls to better handle non-alphanumeric filenames.


In SA-shellcheck-001 line 248:
        printf "${TEST_CASE_DIR_START}${BOLD}${YELLOW}${TEST_CASE_DIR_END}${NORMAL}\n"
               ^-- SC2059: Don't use variables in the printf format string. Use printf "..%s.." "$foo".


In SA-shellcheck-001 line 258:
        printf "${BOLD}${GREEN} $(ls -1  "${j}" | grep -v "\." | sed 's/^/\t/')${NORMAL}\n"
               ^-- SC2059: Don't use variables in the printf format string. Use printf "..%s.." "$foo".
                                  ^-- SC2010: Don't use ls | grep. Use a glob or a for loop with a condition to allow non-alphanumeric filenames.


In SA-shellcheck-001 line 259:
        printf "${BOLD}${CYAN} $(ls -1  "${j}" | grep "cleanup.sh" | sed 's/^/\t/')${NORMAL}\n"
               ^-- SC2059: Don't use variables in the printf format string. Use printf "..%s.." "$foo".
                                 ^-- SC2010: Don't use ls | grep. Use a glob or a for loop with a condition to allow non-alphanumeric filenames.


In SA-shellcheck-001 line 260:
        printf "${BOLD}${CYAN} $(ls -1  "${j}" | grep "setup.sh" | sed 's/^/\t/')${NORMAL}\n"
               ^-- SC2059: Don't use variables in the printf format string. Use printf "..%s.." "$foo".
                                 ^-- SC2010: Don't use ls | grep. Use a glob or a for loop with a condition to allow non-alphanumeric filenames.

